// Jest Snapshot v1, https://goo.gl/fbAQLP

exports[`Menu renders correctly 1`] = `
<nav>
  <ul>
    <li>
      <a
        href="/"
      >
        Articles
      </a>
    </li>
    <li>
      <a
        href="/about"
      >
        About Me
      </a>
    </li>
    <li>
      <a
        href="/contact"
      >
        Contact Me
      </a>
    </li>
  </ul>
</nav>
`;
