// Jest Snapshot v1, https://goo.gl/fbAQLP

exports[`Comments renders correctly 1`] = `
<div>
  <div
    className="fb-comments"
    data-colorscheme="light"
    data-href="https://www.lumen.local/posts/perfecting-the-art-of-perfection"
    data-skin="light"
    data-width="100%"
  />
</div>
`;
